[2025-06-29T22:26:54.092+0800][0.005s][info][gc,init] CardTable entry size: 512
[2025-06-29T22:26:54.092+0800][0.005s][info][gc     ] Using G1
[2025-06-29T22:26:54.093+0800][0.006s][info][gc,init] Version: 21.0.7+8-LTS-245 (release)
[2025-06-29T22:26:54.093+0800][0.006s][info][gc,init] CPUs: 8 total, 8 available
[2025-06-29T22:26:54.093+0800][0.006s][info][gc,init] Memory: 16384M
[2025-06-29T22:26:54.093+0800][0.006s][info][gc,init] Large Page Support: Disabled
[2025-06-29T22:26:54.093+0800][0.006s][info][gc,init] NUMA Support: Disabled
[2025-06-29T22:26:54.093+0800][0.006s][info][gc,init] Compressed Oops: Enabled (Zero based)
[2025-06-29T22:26:54.093+0800][0.006s][info][gc,init] Heap Region Size: 1M
[2025-06-29T22:26:54.093+0800][0.006s][info][gc,init] Heap Min Capacity: 512M
[2025-06-29T22:26:54.093+0800][0.006s][info][gc,init] Heap Initial Capacity: 512M
[2025-06-29T22:26:54.093+0800][0.006s][info][gc,init] Heap Max Capacity: 512M
[2025-06-29T22:26:54.093+0800][0.006s][info][gc,init] Pre-touch: Disabled
[2025-06-29T22:26:54.093+0800][0.006s][info][gc,init] Parallel Workers: 8
[2025-06-29T22:26:54.093+0800][0.006s][info][gc,init] Concurrent Workers: 2
[2025-06-29T22:26:54.093+0800][0.006s][info][gc,init] Concurrent Refinement Workers: 8
[2025-06-29T22:26:54.093+0800][0.006s][info][gc,init] Periodic GC: Disabled
[2025-06-29T22:26:54.097+0800][0.009s][info][gc,metaspace] CDS archive(s) mapped at: [0x000000c000000000-0x000000c000ca8000-0x000000c000ca8000), size 13271040, SharedBaseAddress: 0x000000c000000000, ArchiveRelocationMode: 1.
[2025-06-29T22:26:54.097+0800][0.009s][info][gc,metaspace] Compressed class space mapped at: 0x000000c001000000-0x000000c041000000, reserved size: 1073741824
[2025-06-29T22:26:54.097+0800][0.009s][info][gc,metaspace] Narrow klass base: 0x000000c000000000, Narrow klass shift: 0, Narrow klass range: 0x100000000
[2025-06-29T22:26:54.343+0800][0.255s][info][gc,start    ] GC(0) Pause Young (Normal) (G1 Evacuation Pause)
[2025-06-29T22:26:54.343+0800][0.256s][info][gc,task     ] GC(0) Using 8 workers of 8 for evacuation
[2025-06-29T22:26:54.344+0800][0.257s][info][gc,phases   ] GC(0)   Pre Evacuate Collection Set: 0.1ms
[2025-06-29T22:26:54.344+0800][0.257s][info][gc,phases   ] GC(0)   Merge Heap Roots: 0.0ms
[2025-06-29T22:26:54.345+0800][0.257s][info][gc,phases   ] GC(0)   Evacuate Collection Set: 1.1ms
[2025-06-29T22:26:54.345+0800][0.257s][info][gc,phases   ] GC(0)   Post Evacuate Collection Set: 0.2ms
[2025-06-29T22:26:54.345+0800][0.257s][info][gc,phases   ] GC(0)   Other: 0.2ms
[2025-06-29T22:26:54.345+0800][0.257s][info][gc,heap     ] GC(0) Eden regions: 25->0(55)
[2025-06-29T22:26:54.345+0800][0.257s][info][gc,heap     ] GC(0) Survivor regions: 0->3(4)
[2025-06-29T22:26:54.345+0800][0.257s][info][gc,heap     ] GC(0) Old regions: 2->2
[2025-06-29T22:26:54.345+0800][0.257s][info][gc,heap     ] GC(0) Humongous regions: 0->0
[2025-06-29T22:26:54.345+0800][0.257s][info][gc,metaspace] GC(0) Metaspace: 4053K(4352K)->4053K(4352K) NonClass: 3620K(3776K)->3620K(3776K) Class: 432K(576K)->432K(576K)
[2025-06-29T22:26:54.345+0800][0.257s][info][gc          ] GC(0) Pause Young (Normal) (G1 Evacuation Pause) 26M->3M(512M) 1.759ms
[2025-06-29T22:26:54.345+0800][0.257s][info][gc,cpu      ] GC(0) User=0.01s Sys=0.00s Real=0.00s
[2025-06-29T22:26:54.635+0800][0.548s][info][gc,start    ] GC(1) Pause Young (Normal) (G1 Evacuation Pause)
[2025-06-29T22:26:54.635+0800][0.548s][info][gc,task     ] GC(1) Using 8 workers of 8 for evacuation
[2025-06-29T22:26:54.637+0800][0.550s][info][gc,phases   ] GC(1)   Pre Evacuate Collection Set: 0.1ms
[2025-06-29T22:26:54.637+0800][0.550s][info][gc,phases   ] GC(1)   Merge Heap Roots: 0.0ms
[2025-06-29T22:26:54.637+0800][0.550s][info][gc,phases   ] GC(1)   Evacuate Collection Set: 1.8ms
[2025-06-29T22:26:54.637+0800][0.550s][info][gc,phases   ] GC(1)   Post Evacuate Collection Set: 0.4ms
[2025-06-29T22:26:54.637+0800][0.550s][info][gc,phases   ] GC(1)   Other: 0.0ms
[2025-06-29T22:26:54.637+0800][0.550s][info][gc,heap     ] GC(1) Eden regions: 55->0(257)
[2025-06-29T22:26:54.637+0800][0.550s][info][gc,heap     ] GC(1) Survivor regions: 3->5(8)
[2025-06-29T22:26:54.637+0800][0.550s][info][gc,heap     ] GC(1) Old regions: 2->2
[2025-06-29T22:26:54.637+0800][0.550s][info][gc,heap     ] GC(1) Humongous regions: 0->0
[2025-06-29T22:26:54.637+0800][0.550s][info][gc,metaspace] GC(1) Metaspace: 12629K(12992K)->12629K(12992K) NonClass: 11026K(11264K)->11026K(11264K) Class: 1602K(1728K)->1602K(1728K)
[2025-06-29T22:26:54.638+0800][0.550s][info][gc          ] GC(1) Pause Young (Normal) (G1 Evacuation Pause) 58M->5M(512M) 2.652ms
[2025-06-29T22:26:54.638+0800][0.550s][info][gc,cpu      ] GC(1) User=0.01s Sys=0.00s Real=0.00s
[2025-06-29T22:26:54.914+0800][0.826s][info][gc,start    ] GC(2) Pause Young (Concurrent Start) (Metadata GC Threshold)
[2025-06-29T22:26:54.914+0800][0.826s][info][gc,task     ] GC(2) Using 8 workers of 8 for evacuation
[2025-06-29T22:26:54.918+0800][0.830s][info][gc,phases   ] GC(2)   Pre Evacuate Collection Set: 0.1ms
[2025-06-29T22:26:54.918+0800][0.830s][info][gc,phases   ] GC(2)   Merge Heap Roots: 0.0ms
[2025-06-29T22:26:54.918+0800][0.830s][info][gc,phases   ] GC(2)   Evacuate Collection Set: 3.3ms
[2025-06-29T22:26:54.918+0800][0.830s][info][gc,phases   ] GC(2)   Post Evacuate Collection Set: 0.4ms
[2025-06-29T22:26:54.918+0800][0.830s][info][gc,phases   ] GC(2)   Other: 0.0ms
[2025-06-29T22:26:54.918+0800][0.830s][info][gc,heap     ] GC(2) Eden regions: 83->0(297)
[2025-06-29T22:26:54.918+0800][0.830s][info][gc,heap     ] GC(2) Survivor regions: 5->10(33)
[2025-06-29T22:26:54.918+0800][0.830s][info][gc,heap     ] GC(2) Old regions: 2->2
[2025-06-29T22:26:54.918+0800][0.830s][info][gc,heap     ] GC(2) Humongous regions: 0->0
[2025-06-29T22:26:54.918+0800][0.830s][info][gc,metaspace] GC(2) Metaspace: 21209K(21504K)->21209K(21504K) NonClass: 18532K(18688K)->18532K(18688K) Class: 2676K(2816K)->2676K(2816K)
[2025-06-29T22:26:54.918+0800][0.830s][info][gc          ] GC(2) Pause Young (Concurrent Start) (Metadata GC Threshold) 88M->10M(512M) 4.097ms
[2025-06-29T22:26:54.918+0800][0.830s][info][gc,cpu      ] GC(2) User=0.02s Sys=0.00s Real=0.00s
[2025-06-29T22:26:54.918+0800][0.830s][info][gc          ] GC(3) Concurrent Mark Cycle
[2025-06-29T22:26:54.918+0800][0.830s][info][gc,marking  ] GC(3) Concurrent Scan Root Regions
[2025-06-29T22:26:54.920+0800][0.833s][info][gc,marking  ] GC(3) Concurrent Scan Root Regions 2.246ms
[2025-06-29T22:26:54.920+0800][0.833s][info][gc,marking  ] GC(3) Concurrent Mark
[2025-06-29T22:26:54.920+0800][0.833s][info][gc,marking  ] GC(3) Concurrent Mark From Roots
[2025-06-29T22:26:54.920+0800][0.833s][info][gc,task     ] GC(3) Using 2 workers of 2 for marking
[2025-06-29T22:26:54.921+0800][0.834s][info][gc,marking  ] GC(3) Concurrent Mark From Roots 0.838ms
[2025-06-29T22:26:54.921+0800][0.834s][info][gc,marking  ] GC(3) Concurrent Preclean
[2025-06-29T22:26:54.921+0800][0.834s][info][gc,marking  ] GC(3) Concurrent Preclean 0.006ms
[2025-06-29T22:26:54.921+0800][0.834s][info][gc,start    ] GC(3) Pause Remark
[2025-06-29T22:26:54.922+0800][0.835s][info][gc          ] GC(3) Pause Remark 12M->12M(512M) 0.948ms
[2025-06-29T22:26:54.922+0800][0.835s][info][gc,cpu      ] GC(3) User=0.01s Sys=0.00s Real=0.00s
[2025-06-29T22:26:54.922+0800][0.835s][info][gc,marking  ] GC(3) Concurrent Mark 1.948ms
[2025-06-29T22:26:54.922+0800][0.835s][info][gc,marking  ] GC(3) Concurrent Rebuild Remembered Sets and Scrub Regions
[2025-06-29T22:26:54.922+0800][0.835s][info][gc,marking  ] GC(3) Concurrent Rebuild Remembered Sets and Scrub Regions 0.380ms
[2025-06-29T22:26:54.922+0800][0.835s][info][gc,start    ] GC(3) Pause Cleanup
[2025-06-29T22:26:54.923+0800][0.835s][info][gc          ] GC(3) Pause Cleanup 12M->12M(512M) 0.074ms
[2025-06-29T22:26:54.923+0800][0.835s][info][gc,cpu      ] GC(3) User=0.00s Sys=0.00s Real=0.00s
[2025-06-29T22:26:54.923+0800][0.835s][info][gc,marking  ] GC(3) Concurrent Clear Claimed Marks
[2025-06-29T22:26:54.923+0800][0.835s][info][gc,marking  ] GC(3) Concurrent Clear Claimed Marks 0.020ms
[2025-06-29T22:26:54.923+0800][0.835s][info][gc,marking  ] GC(3) Concurrent Cleanup for Next Mark
[2025-06-29T22:26:54.924+0800][0.836s][info][gc,marking  ] GC(3) Concurrent Cleanup for Next Mark 1.000ms
[2025-06-29T22:26:54.924+0800][0.836s][info][gc          ] GC(3) Concurrent Mark Cycle 5.846ms
[2025-06-29T22:26:55.885+0800][1.798s][info][gc,start    ] GC(4) Pause Young (Prepare Mixed) (Metadata GC Threshold)
[2025-06-29T22:26:55.885+0800][1.798s][info][gc,task     ] GC(4) Using 8 workers of 8 for evacuation
[2025-06-29T22:26:55.894+0800][1.807s][info][gc,phases   ] GC(4)   Pre Evacuate Collection Set: 0.3ms
[2025-06-29T22:26:55.894+0800][1.807s][info][gc,phases   ] GC(4)   Merge Heap Roots: 0.1ms
[2025-06-29T22:26:55.894+0800][1.807s][info][gc,phases   ] GC(4)   Evacuate Collection Set: 7.1ms
[2025-06-29T22:26:55.894+0800][1.807s][info][gc,phases   ] GC(4)   Post Evacuate Collection Set: 1.4ms
[2025-06-29T22:26:55.894+0800][1.807s][info][gc,phases   ] GC(4)   Other: 0.0ms
[2025-06-29T22:26:55.894+0800][1.807s][info][gc,heap     ] GC(4) Eden regions: 189->0(219)
[2025-06-29T22:26:55.894+0800][1.807s][info][gc,heap     ] GC(4) Survivor regions: 10->17(39)
[2025-06-29T22:26:55.894+0800][1.807s][info][gc,heap     ] GC(4) Old regions: 2->2
[2025-06-29T22:26:55.894+0800][1.807s][info][gc,heap     ] GC(4) Humongous regions: 0->0
[2025-06-29T22:26:55.894+0800][1.807s][info][gc,metaspace] GC(4) Metaspace: 35593K(36096K)->35593K(36096K) NonClass: 31113K(31360K)->31113K(31360K) Class: 4480K(4736K)->4480K(4736K)
[2025-06-29T22:26:55.894+0800][1.807s][info][gc          ] GC(4) Pause Young (Prepare Mixed) (Metadata GC Threshold) 198M->18M(512M) 8.966ms
[2025-06-29T22:26:55.894+0800][1.807s][info][gc,cpu      ] GC(4) User=0.04s Sys=0.00s Real=0.01s
[2025-06-29T22:26:55.914+0800][1.826s][info][gc,start    ] GC(5) Pause Young (Mixed) (Metadata GC Threshold)
[2025-06-29T22:26:55.914+0800][1.826s][info][gc,task     ] GC(5) Using 8 workers of 8 for evacuation
[2025-06-29T22:26:55.920+0800][1.833s][info][gc,phases   ] GC(5)   Pre Evacuate Collection Set: 0.1ms
[2025-06-29T22:26:55.921+0800][1.834s][info][gc,phases   ] GC(5)   Merge Heap Roots: 0.0ms
[2025-06-29T22:26:55.921+0800][1.834s][info][gc,phases   ] GC(5)   Evacuate Collection Set: 5.2ms
[2025-06-29T22:26:55.921+0800][1.834s][info][gc,phases   ] GC(5)   Post Evacuate Collection Set: 1.0ms
[2025-06-29T22:26:55.921+0800][1.834s][info][gc,phases   ] GC(5)   Other: 0.0ms
[2025-06-29T22:26:55.921+0800][1.834s][info][gc,heap     ] GC(5) Eden regions: 7->0(208)
[2025-06-29T22:26:55.921+0800][1.834s][info][gc,heap     ] GC(5) Survivor regions: 17->16(30)
[2025-06-29T22:26:55.921+0800][1.834s][info][gc,heap     ] GC(5) Old regions: 2->3
[2025-06-29T22:26:55.921+0800][1.834s][info][gc,heap     ] GC(5) Humongous regions: 0->0
[2025-06-29T22:26:55.921+0800][1.834s][info][gc,metaspace] GC(5) Metaspace: 35832K(36416K)->35832K(36416K) NonClass: 31325K(31616K)->31325K(31616K) Class: 4507K(4800K)->4507K(4800K)
[2025-06-29T22:26:55.921+0800][1.834s][info][gc          ] GC(5) Pause Young (Mixed) (Metadata GC Threshold) 25M->18M(512M) 7.547ms
[2025-06-29T22:26:55.921+0800][1.834s][info][gc,cpu      ] GC(5) User=0.03s Sys=0.01s Real=0.01s
[2025-06-29T22:26:55.964+0800][1.877s][info][gc,start    ] GC(6) Pause Young (Concurrent Start) (Metadata GC Threshold)
[2025-06-29T22:26:55.964+0800][1.877s][info][gc,task     ] GC(6) Using 8 workers of 8 for evacuation
[2025-06-29T22:26:55.969+0800][1.881s][info][gc,phases   ] GC(6)   Pre Evacuate Collection Set: 0.1ms
[2025-06-29T22:26:55.969+0800][1.881s][info][gc,phases   ] GC(6)   Merge Heap Roots: 0.0ms
[2025-06-29T22:26:55.969+0800][1.881s][info][gc,phases   ] GC(6)   Evacuate Collection Set: 4.1ms
[2025-06-29T22:26:55.969+0800][1.881s][info][gc,phases   ] GC(6)   Post Evacuate Collection Set: 0.5ms
[2025-06-29T22:26:55.969+0800][1.881s][info][gc,phases   ] GC(6)   Other: 0.0ms
[2025-06-29T22:26:55.969+0800][1.881s][info][gc,heap     ] GC(6) Eden regions: 14->0(278)
[2025-06-29T22:26:55.969+0800][1.881s][info][gc,heap     ] GC(6) Survivor regions: 16->14(28)
[2025-06-29T22:26:55.969+0800][1.881s][info][gc,heap     ] GC(6) Old regions: 3->6
[2025-06-29T22:26:55.969+0800][1.881s][info][gc,heap     ] GC(6) Humongous regions: 0->0
[2025-06-29T22:26:55.969+0800][1.881s][info][gc,metaspace] GC(6) Metaspace: 36198K(36736K)->36198K(36736K) NonClass: 31649K(31936K)->31649K(31936K) Class: 4549K(4800K)->4549K(4800K)
[2025-06-29T22:26:55.969+0800][1.881s][info][gc          ] GC(6) Pause Young (Concurrent Start) (Metadata GC Threshold) 31M->19M(512M) 4.895ms
[2025-06-29T22:26:55.969+0800][1.881s][info][gc,cpu      ] GC(6) User=0.03s Sys=0.00s Real=0.00s
[2025-06-29T22:26:55.969+0800][1.881s][info][gc          ] GC(7) Concurrent Mark Cycle
[2025-06-29T22:26:55.969+0800][1.882s][info][gc,marking  ] GC(7) Concurrent Scan Root Regions
[2025-06-29T22:26:55.973+0800][1.885s][info][gc,marking  ] GC(7) Concurrent Scan Root Regions 3.855ms
[2025-06-29T22:26:55.973+0800][1.885s][info][gc,marking  ] GC(7) Concurrent Mark
[2025-06-29T22:26:55.973+0800][1.885s][info][gc,marking  ] GC(7) Concurrent Mark From Roots
[2025-06-29T22:26:55.973+0800][1.885s][info][gc,task     ] GC(7) Using 2 workers of 2 for marking
[2025-06-29T22:26:55.975+0800][1.887s][info][gc,marking  ] GC(7) Concurrent Mark From Roots 2.036ms
[2025-06-29T22:26:55.975+0800][1.887s][info][gc,marking  ] GC(7) Concurrent Preclean
[2025-06-29T22:26:55.975+0800][1.887s][info][gc,marking  ] GC(7) Concurrent Preclean 0.012ms
[2025-06-29T22:26:55.975+0800][1.888s][info][gc,start    ] GC(7) Pause Remark
[2025-06-29T22:26:55.977+0800][1.890s][info][gc          ] GC(7) Pause Remark 21M->21M(512M) 2.260ms
[2025-06-29T22:26:55.977+0800][1.890s][info][gc,cpu      ] GC(7) User=0.01s Sys=0.00s Real=0.00s
[2025-06-29T22:26:55.977+0800][1.890s][info][gc,marking  ] GC(7) Concurrent Mark 4.506ms
[2025-06-29T22:26:55.977+0800][1.890s][info][gc,marking  ] GC(7) Concurrent Rebuild Remembered Sets and Scrub Regions
[2025-06-29T22:26:55.978+0800][1.891s][info][gc,marking  ] GC(7) Concurrent Rebuild Remembered Sets and Scrub Regions 1.143ms
[2025-06-29T22:26:55.978+0800][1.891s][info][gc,start    ] GC(7) Pause Cleanup
[2025-06-29T22:26:55.979+0800][1.891s][info][gc          ] GC(7) Pause Cleanup 22M->22M(512M) 0.085ms
[2025-06-29T22:26:55.979+0800][1.891s][info][gc,cpu      ] GC(7) User=0.00s Sys=0.00s Real=0.00s
[2025-06-29T22:26:55.979+0800][1.891s][info][gc,marking  ] GC(7) Concurrent Clear Claimed Marks
[2025-06-29T22:26:55.979+0800][1.891s][info][gc,marking  ] GC(7) Concurrent Clear Claimed Marks 0.032ms
[2025-06-29T22:26:55.979+0800][1.891s][info][gc,marking  ] GC(7) Concurrent Cleanup for Next Mark
[2025-06-29T22:26:55.979+0800][1.892s][info][gc,marking  ] GC(7) Concurrent Cleanup for Next Mark 0.580ms
[2025-06-29T22:26:55.979+0800][1.892s][info][gc          ] GC(7) Concurrent Mark Cycle 10.479ms
[2025-06-29T22:27:32.168+0800][38.080s][info][gc,heap,exit] Heap
[2025-06-29T22:27:32.168+0800][38.080s][info][gc,heap,exit]  garbage-first heap   total 524288K, used 247674K [0x00000007e0000000, 0x0000000800000000)
[2025-06-29T22:27:32.168+0800][38.080s][info][gc,heap,exit]   region size 1024K, 237 young (242688K), 14 survivors (14336K)
[2025-06-29T22:27:32.168+0800][38.080s][info][gc,heap,exit]  Metaspace       used 45730K, committed 46464K, reserved 1114112K
[2025-06-29T22:27:32.168+0800][38.080s][info][gc,heap,exit]   class space    used 5785K, committed 6144K, reserved 1048576K
