[2025-06-29T22:32:12.880+0800][0.005s][info][gc,init] CardTable entry size: 512
[2025-06-29T22:32:12.880+0800][0.006s][info][gc     ] Using G1
[2025-06-29T22:32:12.882+0800][0.008s][info][gc,init] Version: 21.0.7+8-LTS-245 (release)
[2025-06-29T22:32:12.882+0800][0.008s][info][gc,init] CPUs: 8 total, 8 available
[2025-06-29T22:32:12.882+0800][0.008s][info][gc,init] Memory: 16384M
[2025-06-29T22:32:12.882+0800][0.008s][info][gc,init] Large Page Support: Disabled
[2025-06-29T22:32:12.882+0800][0.008s][info][gc,init] NUMA Support: Disabled
[2025-06-29T22:32:12.882+0800][0.008s][info][gc,init] Compressed Oops: Enabled (Zero based)
[2025-06-29T22:32:12.882+0800][0.008s][info][gc,init] Heap Region Size: 1M
[2025-06-29T22:32:12.882+0800][0.008s][info][gc,init] Heap Min Capacity: 2G
[2025-06-29T22:32:12.882+0800][0.008s][info][gc,init] Heap Initial Capacity: 2G
[2025-06-29T22:32:12.883+0800][0.008s][info][gc,init] Heap Max Capacity: 2G
[2025-06-29T22:32:12.883+0800][0.008s][info][gc,init] Pre-touch: Disabled
[2025-06-29T22:32:12.883+0800][0.008s][info][gc,init] Parallel Workers: 8
[2025-06-29T22:32:12.883+0800][0.008s][info][gc,init] Concurrent Workers: 2
[2025-06-29T22:32:12.883+0800][0.008s][info][gc,init] Concurrent Refinement Workers: 8
[2025-06-29T22:32:12.883+0800][0.008s][info][gc,init] Periodic GC: Disabled
[2025-06-29T22:32:12.887+0800][0.013s][info][gc,metaspace] CDS archive(s) mapped at: [0x0000007000000000-0x0000007000ca8000-0x0000007000ca8000), size 13271040, SharedBaseAddress: 0x0000007000000000, ArchiveRelocationMode: 1.
[2025-06-29T22:32:12.887+0800][0.013s][info][gc,metaspace] Compressed class space mapped at: 0x0000007001000000-0x0000007041000000, reserved size: 1073741824
[2025-06-29T22:32:12.887+0800][0.013s][info][gc,metaspace] Narrow klass base: 0x0000007000000000, Narrow klass shift: 0, Narrow klass range: 0x100000000
[2025-06-29T22:32:13.504+0800][0.630s][info][gc,start    ] GC(0) Pause Young (Normal) (G1 Evacuation Pause)
[2025-06-29T22:32:13.505+0800][0.631s][info][gc,task     ] GC(0) Using 8 workers of 8 for evacuation
[2025-06-29T22:32:13.508+0800][0.634s][info][gc,phases   ] GC(0)   Pre Evacuate Collection Set: 0.2ms
[2025-06-29T22:32:13.508+0800][0.634s][info][gc,phases   ] GC(0)   Merge Heap Roots: 0.1ms
[2025-06-29T22:32:13.508+0800][0.634s][info][gc,phases   ] GC(0)   Evacuate Collection Set: 2.7ms
[2025-06-29T22:32:13.508+0800][0.634s][info][gc,phases   ] GC(0)   Post Evacuate Collection Set: 0.4ms
[2025-06-29T22:32:13.508+0800][0.634s][info][gc,phases   ] GC(0)   Other: 0.3ms
[2025-06-29T22:32:13.508+0800][0.634s][info][gc,heap     ] GC(0) Eden regions: 102->0(111)
[2025-06-29T22:32:13.508+0800][0.634s][info][gc,heap     ] GC(0) Survivor regions: 0->6(13)
[2025-06-29T22:32:13.508+0800][0.634s][info][gc,heap     ] GC(0) Old regions: 2->2
[2025-06-29T22:32:13.508+0800][0.634s][info][gc,heap     ] GC(0) Humongous regions: 0->0
[2025-06-29T22:32:13.508+0800][0.634s][info][gc,metaspace] GC(0) Metaspace: 15376K(15680K)->15376K(15680K) NonClass: 13366K(13504K)->13366K(13504K) Class: 2010K(2176K)->2010K(2176K)
[2025-06-29T22:32:13.508+0800][0.634s][info][gc          ] GC(0) Pause Young (Normal) (G1 Evacuation Pause) 103M->6M(2048M) 3.816ms
[2025-06-29T22:32:13.508+0800][0.634s][info][gc,cpu      ] GC(0) User=0.02s Sys=0.01s Real=0.00s
[2025-06-29T22:32:13.700+0800][0.826s][info][gc,start    ] GC(1) Pause Young (Concurrent Start) (Metadata GC Threshold)
[2025-06-29T22:32:13.700+0800][0.826s][info][gc,task     ] GC(1) Using 8 workers of 8 for evacuation
[2025-06-29T22:32:13.704+0800][0.830s][info][gc,phases   ] GC(1)   Pre Evacuate Collection Set: 0.3ms
[2025-06-29T22:32:13.704+0800][0.830s][info][gc,phases   ] GC(1)   Merge Heap Roots: 0.1ms
[2025-06-29T22:32:13.704+0800][0.830s][info][gc,phases   ] GC(1)   Evacuate Collection Set: 3.0ms
[2025-06-29T22:32:13.704+0800][0.830s][info][gc,phases   ] GC(1)   Post Evacuate Collection Set: 0.4ms
[2025-06-29T22:32:13.704+0800][0.830s][info][gc,phases   ] GC(1)   Other: 0.0ms
[2025-06-29T22:32:13.704+0800][0.830s][info][gc,heap     ] GC(1) Eden regions: 62->0(148)
[2025-06-29T22:32:13.704+0800][0.830s][info][gc,heap     ] GC(1) Survivor regions: 6->10(15)
[2025-06-29T22:32:13.704+0800][0.830s][info][gc,heap     ] GC(1) Old regions: 2->2
[2025-06-29T22:32:13.704+0800][0.830s][info][gc,heap     ] GC(1) Humongous regions: 0->0
[2025-06-29T22:32:13.704+0800][0.830s][info][gc,metaspace] GC(1) Metaspace: 21208K(21504K)->21208K(21504K) NonClass: 18531K(18688K)->18531K(18688K) Class: 2676K(2816K)->2676K(2816K)
[2025-06-29T22:32:13.704+0800][0.830s][info][gc          ] GC(1) Pause Young (Concurrent Start) (Metadata GC Threshold) 67M->10M(2048M) 3.980ms
[2025-06-29T22:32:13.704+0800][0.830s][info][gc,cpu      ] GC(1) User=0.02s Sys=0.00s Real=0.00s
[2025-06-29T22:32:13.704+0800][0.830s][info][gc          ] GC(2) Concurrent Mark Cycle
[2025-06-29T22:32:13.704+0800][0.830s][info][gc,marking  ] GC(2) Concurrent Scan Root Regions
[2025-06-29T22:32:13.706+0800][0.832s][info][gc,marking  ] GC(2) Concurrent Scan Root Regions 2.108ms
[2025-06-29T22:32:13.706+0800][0.832s][info][gc,marking  ] GC(2) Concurrent Mark
[2025-06-29T22:32:13.706+0800][0.832s][info][gc,marking  ] GC(2) Concurrent Mark From Roots
[2025-06-29T22:32:13.706+0800][0.832s][info][gc,task     ] GC(2) Using 2 workers of 2 for marking
[2025-06-29T22:32:13.707+0800][0.833s][info][gc,marking  ] GC(2) Concurrent Mark From Roots 0.937ms
[2025-06-29T22:32:13.707+0800][0.833s][info][gc,marking  ] GC(2) Concurrent Preclean
[2025-06-29T22:32:13.707+0800][0.833s][info][gc,marking  ] GC(2) Concurrent Preclean 0.006ms
[2025-06-29T22:32:13.707+0800][0.833s][info][gc,start    ] GC(2) Pause Remark
[2025-06-29T22:32:13.708+0800][0.834s][info][gc          ] GC(2) Pause Remark 11M->11M(2048M) 1.091ms
[2025-06-29T22:32:13.708+0800][0.834s][info][gc,cpu      ] GC(2) User=0.00s Sys=0.01s Real=0.00s
[2025-06-29T22:32:13.708+0800][0.834s][info][gc,marking  ] GC(2) Concurrent Mark 2.146ms
[2025-06-29T22:32:13.708+0800][0.834s][info][gc,marking  ] GC(2) Concurrent Rebuild Remembered Sets and Scrub Regions
[2025-06-29T22:32:13.709+0800][0.835s][info][gc,marking  ] GC(2) Concurrent Rebuild Remembered Sets and Scrub Regions 0.392ms
[2025-06-29T22:32:13.709+0800][0.835s][info][gc,start    ] GC(2) Pause Cleanup
[2025-06-29T22:32:13.709+0800][0.835s][info][gc          ] GC(2) Pause Cleanup 11M->11M(2048M) 0.144ms
[2025-06-29T22:32:13.709+0800][0.835s][info][gc,cpu      ] GC(2) User=0.00s Sys=0.00s Real=0.00s
[2025-06-29T22:32:13.709+0800][0.835s][info][gc,marking  ] GC(2) Concurrent Clear Claimed Marks
[2025-06-29T22:32:13.709+0800][0.835s][info][gc,marking  ] GC(2) Concurrent Clear Claimed Marks 0.028ms
[2025-06-29T22:32:13.709+0800][0.835s][info][gc,marking  ] GC(2) Concurrent Cleanup for Next Mark
[2025-06-29T22:32:13.713+0800][0.839s][info][gc,marking  ] GC(2) Concurrent Cleanup for Next Mark 3.732ms
[2025-06-29T22:32:13.713+0800][0.839s][info][gc          ] GC(2) Concurrent Mark Cycle 8.729ms
[2025-06-29T22:32:14.449+0800][1.575s][info][gc,start    ] GC(3) Pause Young (Prepare Mixed) (G1 Evacuation Pause)
[2025-06-29T22:32:14.449+0800][1.575s][info][gc,task     ] GC(3) Using 8 workers of 8 for evacuation
[2025-06-29T22:32:14.458+0800][1.584s][info][gc,phases   ] GC(3)   Pre Evacuate Collection Set: 0.2ms
[2025-06-29T22:32:14.458+0800][1.584s][info][gc,phases   ] GC(3)   Merge Heap Roots: 0.1ms
[2025-06-29T22:32:14.458+0800][1.584s][info][gc,phases   ] GC(3)   Evacuate Collection Set: 7.2ms
[2025-06-29T22:32:14.458+0800][1.584s][info][gc,phases   ] GC(3)   Post Evacuate Collection Set: 1.4ms
[2025-06-29T22:32:14.458+0800][1.584s][info][gc,phases   ] GC(3)   Other: 0.0ms
[2025-06-29T22:32:14.458+0800][1.584s][info][gc,heap     ] GC(3) Eden regions: 148->0(167)
[2025-06-29T22:32:14.458+0800][1.584s][info][gc,heap     ] GC(3) Survivor regions: 10->17(20)
[2025-06-29T22:32:14.458+0800][1.584s][info][gc,heap     ] GC(3) Old regions: 2->2
[2025-06-29T22:32:14.458+0800][1.584s][info][gc,heap     ] GC(3) Humongous regions: 0->0
[2025-06-29T22:32:14.458+0800][1.584s][info][gc,metaspace] GC(3) Metaspace: 34410K(34880K)->34410K(34880K) NonClass: 30125K(30400K)->30125K(30400K) Class: 4285K(4480K)->4285K(4480K)
[2025-06-29T22:32:14.458+0800][1.584s][info][gc          ] GC(3) Pause Young (Prepare Mixed) (G1 Evacuation Pause) 158M->17M(2048M) 9.058ms
[2025-06-29T22:32:14.459+0800][1.584s][info][gc,cpu      ] GC(3) User=0.04s Sys=0.00s Real=0.01s
[2025-06-29T22:32:14.586+0800][1.712s][info][gc,start    ] GC(4) Pause Young (Mixed) (Metadata GC Threshold)
[2025-06-29T22:32:14.586+0800][1.712s][info][gc,task     ] GC(4) Using 8 workers of 8 for evacuation
[2025-06-29T22:32:14.593+0800][1.719s][info][gc,phases   ] GC(4)   Pre Evacuate Collection Set: 0.4ms
[2025-06-29T22:32:14.593+0800][1.719s][info][gc,phases   ] GC(4)   Merge Heap Roots: 0.0ms
[2025-06-29T22:32:14.593+0800][1.719s][info][gc,phases   ] GC(4)   Evacuate Collection Set: 5.0ms
[2025-06-29T22:32:14.593+0800][1.719s][info][gc,phases   ] GC(4)   Post Evacuate Collection Set: 1.1ms
[2025-06-29T22:32:14.593+0800][1.719s][info][gc,phases   ] GC(4)   Other: 0.0ms
[2025-06-29T22:32:14.593+0800][1.719s][info][gc,heap     ] GC(4) Eden regions: 37->0(163)
[2025-06-29T22:32:14.593+0800][1.719s][info][gc,heap     ] GC(4) Survivor regions: 17->13(23)
[2025-06-29T22:32:14.593+0800][1.719s][info][gc,heap     ] GC(4) Old regions: 2->6
[2025-06-29T22:32:14.593+0800][1.719s][info][gc,heap     ] GC(4) Humongous regions: 0->0
[2025-06-29T22:32:14.593+0800][1.719s][info][gc,metaspace] GC(4) Metaspace: 35593K(36160K)->35593K(36160K) NonClass: 31129K(31424K)->31129K(31424K) Class: 4464K(4736K)->4464K(4736K)
[2025-06-29T22:32:14.593+0800][1.719s][info][gc          ] GC(4) Pause Young (Mixed) (Metadata GC Threshold) 54M->18M(2048M) 6.707ms
[2025-06-29T22:32:14.593+0800][1.719s][info][gc,cpu      ] GC(4) User=0.04s Sys=0.00s Real=0.01s
[2025-06-29T22:32:14.629+0800][1.755s][info][gc,start    ] GC(5) Pause Young (Concurrent Start) (Metadata GC Threshold)
[2025-06-29T22:32:14.629+0800][1.755s][info][gc,task     ] GC(5) Using 8 workers of 8 for evacuation
[2025-06-29T22:32:14.632+0800][1.758s][info][gc,phases   ] GC(5)   Pre Evacuate Collection Set: 0.1ms
[2025-06-29T22:32:14.632+0800][1.758s][info][gc,phases   ] GC(5)   Merge Heap Roots: 0.1ms
[2025-06-29T22:32:14.632+0800][1.758s][info][gc,phases   ] GC(5)   Evacuate Collection Set: 2.8ms
[2025-06-29T22:32:14.632+0800][1.758s][info][gc,phases   ] GC(5)   Post Evacuate Collection Set: 0.3ms
[2025-06-29T22:32:14.632+0800][1.758s][info][gc,phases   ] GC(5)   Other: 0.0ms
[2025-06-29T22:32:14.632+0800][1.758s][info][gc,heap     ] GC(5) Eden regions: 11->0(208)
[2025-06-29T22:32:14.632+0800][1.758s][info][gc,heap     ] GC(5) Survivor regions: 13->11(22)
[2025-06-29T22:32:14.632+0800][1.758s][info][gc,heap     ] GC(5) Old regions: 6->10
[2025-06-29T22:32:14.632+0800][1.758s][info][gc,heap     ] GC(5) Humongous regions: 0->0
[2025-06-29T22:32:14.632+0800][1.758s][info][gc,metaspace] GC(5) Metaspace: 36018K(36480K)->36018K(36480K) NonClass: 31506K(31744K)->31506K(31744K) Class: 4512K(4736K)->4512K(4736K)
[2025-06-29T22:32:14.632+0800][1.758s][info][gc          ] GC(5) Pause Young (Concurrent Start) (Metadata GC Threshold) 29M->19M(2048M) 3.513ms
[2025-06-29T22:32:14.632+0800][1.758s][info][gc          ] GC(6) Concurrent Mark Cycle
[2025-06-29T22:32:14.632+0800][1.758s][info][gc,cpu      ] GC(5) User=0.02s Sys=0.00s Real=0.01s
[2025-06-29T22:32:14.632+0800][1.758s][info][gc,marking  ] GC(6) Concurrent Scan Root Regions
[2025-06-29T22:32:14.636+0800][1.761s][info][gc,marking  ] GC(6) Concurrent Scan Root Regions 3.123ms
[2025-06-29T22:32:14.636+0800][1.762s][info][gc,marking  ] GC(6) Concurrent Mark
[2025-06-29T22:32:14.636+0800][1.762s][info][gc,marking  ] GC(6) Concurrent Mark From Roots
[2025-06-29T22:32:14.636+0800][1.762s][info][gc,task     ] GC(6) Using 2 workers of 2 for marking
[2025-06-29T22:32:14.639+0800][1.765s][info][gc,marking  ] GC(6) Concurrent Mark From Roots 3.759ms
[2025-06-29T22:32:14.639+0800][1.765s][info][gc,marking  ] GC(6) Concurrent Preclean
[2025-06-29T22:32:14.639+0800][1.765s][info][gc,marking  ] GC(6) Concurrent Preclean 0.026ms
[2025-06-29T22:32:14.639+0800][1.765s][info][gc,start    ] GC(6) Pause Remark
[2025-06-29T22:32:14.642+0800][1.768s][info][gc          ] GC(6) Pause Remark 21M->21M(2048M) 2.533ms
[2025-06-29T22:32:14.642+0800][1.768s][info][gc,cpu      ] GC(6) User=0.01s Sys=0.00s Real=0.01s
[2025-06-29T22:32:14.642+0800][1.768s][info][gc,marking  ] GC(6) Concurrent Mark 6.555ms
[2025-06-29T22:32:14.642+0800][1.768s][info][gc,marking  ] GC(6) Concurrent Rebuild Remembered Sets and Scrub Regions
[2025-06-29T22:32:14.644+0800][1.770s][info][gc,marking  ] GC(6) Concurrent Rebuild Remembered Sets and Scrub Regions 1.940ms
[2025-06-29T22:32:14.644+0800][1.770s][info][gc,start    ] GC(6) Pause Cleanup
[2025-06-29T22:32:14.644+0800][1.770s][info][gc          ] GC(6) Pause Cleanup 22M->22M(2048M) 0.129ms
[2025-06-29T22:32:14.644+0800][1.770s][info][gc,cpu      ] GC(6) User=0.00s Sys=0.00s Real=0.00s
[2025-06-29T22:32:14.644+0800][1.770s][info][gc,marking  ] GC(6) Concurrent Clear Claimed Marks
[2025-06-29T22:32:14.644+0800][1.770s][info][gc,marking  ] GC(6) Concurrent Clear Claimed Marks 0.031ms
[2025-06-29T22:32:14.644+0800][1.770s][info][gc,marking  ] GC(6) Concurrent Cleanup for Next Mark
[2025-06-29T22:32:14.646+0800][1.772s][info][gc,marking  ] GC(6) Concurrent Cleanup for Next Mark 1.877ms
[2025-06-29T22:32:14.646+0800][1.772s][info][gc          ] GC(6) Concurrent Mark Cycle 13.940ms
[2025-06-29T22:32:15.476+0800][2.602s][info][gc,start    ] GC(7) Pause Young (Prepare Mixed) (G1 Evacuation Pause)
[2025-06-29T22:32:15.476+0800][2.602s][info][gc,task     ] GC(7) Using 8 workers of 8 for evacuation
[2025-06-29T22:32:15.485+0800][2.611s][info][gc,phases   ] GC(7)   Pre Evacuate Collection Set: 0.2ms
[2025-06-29T22:32:15.485+0800][2.611s][info][gc,phases   ] GC(7)   Merge Heap Roots: 0.1ms
[2025-06-29T22:32:15.485+0800][2.611s][info][gc,phases   ] GC(7)   Evacuate Collection Set: 7.4ms
[2025-06-29T22:32:15.485+0800][2.611s][info][gc,phases   ] GC(7)   Post Evacuate Collection Set: 0.9ms
[2025-06-29T22:32:15.485+0800][2.611s][info][gc,phases   ] GC(7)   Other: 0.0ms
[2025-06-29T22:32:15.485+0800][2.611s][info][gc,heap     ] GC(7) Eden regions: 194->0(499)
[2025-06-29T22:32:15.485+0800][2.611s][info][gc,heap     ] GC(7) Survivor regions: 11->18(26)
[2025-06-29T22:32:15.485+0800][2.611s][info][gc,heap     ] GC(7) Old regions: 10->10
[2025-06-29T22:32:15.485+0800][2.611s][info][gc,heap     ] GC(7) Humongous regions: 0->0
[2025-06-29T22:32:15.485+0800][2.611s][info][gc,metaspace] GC(7) Metaspace: 41842K(42560K)->41842K(42560K) NonClass: 36537K(36928K)->36537K(36928K) Class: 5305K(5632K)->5305K(5632K)
[2025-06-29T22:32:15.485+0800][2.611s][info][gc          ] GC(7) Pause Young (Prepare Mixed) (G1 Evacuation Pause) 213M->26M(2048M) 8.815ms
[2025-06-29T22:32:15.485+0800][2.611s][info][gc,cpu      ] GC(7) User=0.04s Sys=0.00s Real=0.01s
[2025-06-29T22:58:03.909+0800][1551.021s][info][gc,heap,exit] Heap
[2025-06-29T22:58:03.909+0800][1551.021s][info][gc,heap,exit]  garbage-first heap   total 2097152K, used 75501K [0x0000000780000000, 0x0000000800000000)
[2025-06-29T22:58:03.909+0800][1551.021s][info][gc,heap,exit]   region size 1024K, 65 young (66560K), 18 survivors (18432K)
[2025-06-29T22:58:03.909+0800][1551.021s][info][gc,heap,exit]  Metaspace       used 48131K, committed 48960K, reserved 1114112K
[2025-06-29T22:58:03.909+0800][1551.021s][info][gc,heap,exit]   class space    used 6060K, committed 6464K, reserved 1048576K
