[2025-06-29T23:15:33.088+0800][0.005s][info][gc,init] CardTable entry size: 512
[2025-06-29T23:15:33.088+0800][0.005s][info][gc     ] Using G1
[2025-06-29T23:15:33.091+0800][0.008s][info][gc,init] Version: 21.0.7+8-LTS-245 (release)
[2025-06-29T23:15:33.091+0800][0.008s][info][gc,init] CPUs: 8 total, 8 available
[2025-06-29T23:15:33.091+0800][0.008s][info][gc,init] Memory: 16384M
[2025-06-29T23:15:33.091+0800][0.008s][info][gc,init] Large Page Support: Disabled
[2025-06-29T23:15:33.091+0800][0.008s][info][gc,init] NUMA Support: Disabled
[2025-06-29T23:15:33.091+0800][0.008s][info][gc,init] Compressed Oops: Enabled (Zero based)
[2025-06-29T23:15:33.091+0800][0.008s][info][gc,init] Heap Region Size: 1M
[2025-06-29T23:15:33.091+0800][0.008s][info][gc,init] Heap Min Capacity: 2G
[2025-06-29T23:15:33.091+0800][0.008s][info][gc,init] Heap Initial Capacity: 2G
[2025-06-29T23:15:33.091+0800][0.008s][info][gc,init] Heap Max Capacity: 2G
[2025-06-29T23:15:33.091+0800][0.008s][info][gc,init] Pre-touch: Disabled
[2025-06-29T23:15:33.091+0800][0.008s][info][gc,init] Parallel Workers: 8
[2025-06-29T23:15:33.091+0800][0.008s][info][gc,init] Concurrent Workers: 2
[2025-06-29T23:15:33.091+0800][0.008s][info][gc,init] Concurrent Refinement Workers: 8
[2025-06-29T23:15:33.091+0800][0.008s][info][gc,init] Periodic GC: Disabled
[2025-06-29T23:15:33.095+0800][0.012s][info][gc,metaspace] CDS archive(s) mapped at: [0x000000a800000000-0x000000a800ca8000-0x000000a800ca8000), size 13271040, SharedBaseAddress: 0x000000a800000000, ArchiveRelocationMode: 1.
[2025-06-29T23:15:33.095+0800][0.012s][info][gc,metaspace] Compressed class space mapped at: 0x000000a801000000-0x000000a841000000, reserved size: 1073741824
[2025-06-29T23:15:33.095+0800][0.012s][info][gc,metaspace] Narrow klass base: 0x000000a800000000, Narrow klass shift: 0, Narrow klass range: 0x100000000
[2025-06-29T23:15:33.685+0800][0.602s][info][gc,start    ] GC(0) Pause Young (Normal) (G1 Evacuation Pause)
[2025-06-29T23:15:33.685+0800][0.603s][info][gc,task     ] GC(0) Using 8 workers of 8 for evacuation
[2025-06-29T23:15:33.689+0800][0.606s][info][gc,phases   ] GC(0)   Pre Evacuate Collection Set: 0.2ms
[2025-06-29T23:15:33.689+0800][0.606s][info][gc,phases   ] GC(0)   Merge Heap Roots: 0.1ms
[2025-06-29T23:15:33.689+0800][0.606s][info][gc,phases   ] GC(0)   Evacuate Collection Set: 2.8ms
[2025-06-29T23:15:33.689+0800][0.606s][info][gc,phases   ] GC(0)   Post Evacuate Collection Set: 0.5ms
[2025-06-29T23:15:33.689+0800][0.606s][info][gc,phases   ] GC(0)   Other: 0.2ms
[2025-06-29T23:15:33.689+0800][0.606s][info][gc,heap     ] GC(0) Eden regions: 102->0(112)
[2025-06-29T23:15:33.689+0800][0.606s][info][gc,heap     ] GC(0) Survivor regions: 0->6(13)
[2025-06-29T23:15:33.689+0800][0.606s][info][gc,heap     ] GC(0) Old regions: 2->2
[2025-06-29T23:15:33.689+0800][0.606s][info][gc,heap     ] GC(0) Humongous regions: 0->0
[2025-06-29T23:15:33.689+0800][0.606s][info][gc,metaspace] GC(0) Metaspace: 15508K(15872K)->15508K(15872K) NonClass: 13489K(13696K)->13489K(13696K) Class: 2019K(2176K)->2019K(2176K)
[2025-06-29T23:15:33.689+0800][0.606s][info][gc          ] GC(0) Pause Young (Normal) (G1 Evacuation Pause) 103M->6M(2048M) 3.999ms
[2025-06-29T23:15:33.689+0800][0.606s][info][gc,cpu      ] GC(0) User=0.02s Sys=0.00s Real=0.00s
[2025-06-29T23:15:33.875+0800][0.792s][info][gc,start    ] GC(1) Pause Young (Concurrent Start) (Metadata GC Threshold)
[2025-06-29T23:15:33.875+0800][0.792s][info][gc,task     ] GC(1) Using 8 workers of 8 for evacuation
[2025-06-29T23:15:33.878+0800][0.795s][info][gc,phases   ] GC(1)   Pre Evacuate Collection Set: 0.2ms
[2025-06-29T23:15:33.878+0800][0.795s][info][gc,phases   ] GC(1)   Merge Heap Roots: 0.1ms
[2025-06-29T23:15:33.878+0800][0.795s][info][gc,phases   ] GC(1)   Evacuate Collection Set: 2.5ms
[2025-06-29T23:15:33.878+0800][0.795s][info][gc,phases   ] GC(1)   Post Evacuate Collection Set: 0.4ms
[2025-06-29T23:15:33.878+0800][0.795s][info][gc,phases   ] GC(1)   Other: 0.0ms
[2025-06-29T23:15:33.878+0800][0.795s][info][gc,heap     ] GC(1) Eden regions: 61->0(148)
[2025-06-29T23:15:33.878+0800][0.795s][info][gc,heap     ] GC(1) Survivor regions: 6->10(15)
[2025-06-29T23:15:33.878+0800][0.795s][info][gc,heap     ] GC(1) Old regions: 2->2
[2025-06-29T23:15:33.878+0800][0.795s][info][gc,heap     ] GC(1) Humongous regions: 0->0
[2025-06-29T23:15:33.878+0800][0.795s][info][gc,metaspace] GC(1) Metaspace: 21216K(21504K)->21216K(21504K) NonClass: 18537K(18688K)->18537K(18688K) Class: 2679K(2816K)->2679K(2816K)
[2025-06-29T23:15:33.878+0800][0.795s][info][gc          ] GC(1) Pause Young (Concurrent Start) (Metadata GC Threshold) 67M->10M(2048M) 3.363ms
[2025-06-29T23:15:33.878+0800][0.795s][info][gc          ] GC(2) Concurrent Mark Cycle
[2025-06-29T23:15:33.878+0800][0.795s][info][gc,cpu      ] GC(1) User=0.02s Sys=0.00s Real=0.00s
[2025-06-29T23:15:33.878+0800][0.795s][info][gc,marking  ] GC(2) Concurrent Scan Root Regions
[2025-06-29T23:15:33.880+0800][0.797s][info][gc,marking  ] GC(2) Concurrent Scan Root Regions 2.198ms
[2025-06-29T23:15:33.880+0800][0.797s][info][gc,marking  ] GC(2) Concurrent Mark
[2025-06-29T23:15:33.880+0800][0.797s][info][gc,marking  ] GC(2) Concurrent Mark From Roots
[2025-06-29T23:15:33.880+0800][0.798s][info][gc,task     ] GC(2) Using 2 workers of 2 for marking
[2025-06-29T23:15:33.881+0800][0.798s][info][gc,marking  ] GC(2) Concurrent Mark From Roots 0.935ms
[2025-06-29T23:15:33.881+0800][0.798s][info][gc,marking  ] GC(2) Concurrent Preclean
[2025-06-29T23:15:33.881+0800][0.798s][info][gc,marking  ] GC(2) Concurrent Preclean 0.008ms
[2025-06-29T23:15:33.881+0800][0.799s][info][gc,start    ] GC(2) Pause Remark
[2025-06-29T23:15:33.882+0800][0.800s][info][gc          ] GC(2) Pause Remark 12M->12M(2048M) 1.113ms
[2025-06-29T23:15:33.882+0800][0.800s][info][gc,cpu      ] GC(2) User=0.00s Sys=0.00s Real=0.00s
[2025-06-29T23:15:33.883+0800][0.800s][info][gc,marking  ] GC(2) Concurrent Mark 2.422ms
[2025-06-29T23:15:33.883+0800][0.800s][info][gc,marking  ] GC(2) Concurrent Rebuild Remembered Sets and Scrub Regions
[2025-06-29T23:15:33.883+0800][0.800s][info][gc,marking  ] GC(2) Concurrent Rebuild Remembered Sets and Scrub Regions 0.381ms
[2025-06-29T23:15:33.883+0800][0.800s][info][gc,start    ] GC(2) Pause Cleanup
[2025-06-29T23:15:33.883+0800][0.801s][info][gc          ] GC(2) Pause Cleanup 12M->12M(2048M) 0.221ms
[2025-06-29T23:15:33.883+0800][0.801s][info][gc,cpu      ] GC(2) User=0.00s Sys=0.00s Real=0.00s
[2025-06-29T23:15:33.883+0800][0.801s][info][gc,marking  ] GC(2) Concurrent Clear Claimed Marks
[2025-06-29T23:15:33.883+0800][0.801s][info][gc,marking  ] GC(2) Concurrent Clear Claimed Marks 0.013ms
[2025-06-29T23:15:33.883+0800][0.801s][info][gc,marking  ] GC(2) Concurrent Cleanup for Next Mark
[2025-06-29T23:15:33.887+0800][0.804s][info][gc,marking  ] GC(2) Concurrent Cleanup for Next Mark 3.282ms
[2025-06-29T23:15:33.887+0800][0.804s][info][gc          ] GC(2) Concurrent Mark Cycle 8.706ms
[2025-06-29T23:15:34.619+0800][1.537s][info][gc,start    ] GC(3) Pause Young (Prepare Mixed) (G1 Evacuation Pause)
[2025-06-29T23:15:34.619+0800][1.537s][info][gc,task     ] GC(3) Using 8 workers of 8 for evacuation
[2025-06-29T23:15:34.628+0800][1.545s][info][gc,phases   ] GC(3)   Pre Evacuate Collection Set: 0.3ms
[2025-06-29T23:15:34.628+0800][1.545s][info][gc,phases   ] GC(3)   Merge Heap Roots: 0.1ms
[2025-06-29T23:15:34.628+0800][1.545s][info][gc,phases   ] GC(3)   Evacuate Collection Set: 6.6ms
[2025-06-29T23:15:34.628+0800][1.545s][info][gc,phases   ] GC(3)   Post Evacuate Collection Set: 1.7ms
[2025-06-29T23:15:34.628+0800][1.545s][info][gc,phases   ] GC(3)   Other: 0.0ms
[2025-06-29T23:15:34.628+0800][1.545s][info][gc,heap     ] GC(3) Eden regions: 148->0(162)
[2025-06-29T23:15:34.628+0800][1.545s][info][gc,heap     ] GC(3) Survivor regions: 10->17(20)
[2025-06-29T23:15:34.628+0800][1.545s][info][gc,heap     ] GC(3) Old regions: 2->2
[2025-06-29T23:15:34.628+0800][1.545s][info][gc,heap     ] GC(3) Humongous regions: 0->0
[2025-06-29T23:15:34.628+0800][1.545s][info][gc,metaspace] GC(3) Metaspace: 34321K(34816K)->34321K(34816K) NonClass: 30040K(30336K)->30040K(30336K) Class: 4281K(4480K)->4281K(4480K)
[2025-06-29T23:15:34.628+0800][1.545s][info][gc          ] GC(3) Pause Young (Prepare Mixed) (G1 Evacuation Pause) 158M->17M(2048M) 8.886ms
[2025-06-29T23:15:34.628+0800][1.545s][info][gc,cpu      ] GC(3) User=0.03s Sys=0.01s Real=0.01s
[2025-06-29T23:15:34.769+0800][1.687s][info][gc,start    ] GC(4) Pause Young (Mixed) (Metadata GC Threshold)
[2025-06-29T23:15:34.769+0800][1.687s][info][gc,task     ] GC(4) Using 8 workers of 8 for evacuation
[2025-06-29T23:15:34.777+0800][1.694s][info][gc,phases   ] GC(4)   Pre Evacuate Collection Set: 0.3ms
[2025-06-29T23:15:34.777+0800][1.694s][info][gc,phases   ] GC(4)   Merge Heap Roots: 0.0ms
[2025-06-29T23:15:34.777+0800][1.694s][info][gc,phases   ] GC(4)   Evacuate Collection Set: 5.6ms
[2025-06-29T23:15:34.777+0800][1.694s][info][gc,phases   ] GC(4)   Post Evacuate Collection Set: 1.2ms
[2025-06-29T23:15:34.777+0800][1.694s][info][gc,phases   ] GC(4)   Other: 0.0ms
[2025-06-29T23:15:34.777+0800][1.694s][info][gc,heap     ] GC(4) Eden regions: 39->0(159)
[2025-06-29T23:15:34.777+0800][1.694s][info][gc,heap     ] GC(4) Survivor regions: 17->13(23)
[2025-06-29T23:15:34.777+0800][1.694s][info][gc,heap     ] GC(4) Old regions: 2->6
[2025-06-29T23:15:34.777+0800][1.694s][info][gc,heap     ] GC(4) Humongous regions: 0->0
[2025-06-29T23:15:34.777+0800][1.694s][info][gc,metaspace] GC(4) Metaspace: 35598K(36160K)->35598K(36160K) NonClass: 31125K(31424K)->31125K(31424K) Class: 4473K(4736K)->4473K(4736K)
[2025-06-29T23:15:34.777+0800][1.694s][info][gc          ] GC(4) Pause Young (Mixed) (Metadata GC Threshold) 55M->18M(2048M) 7.340ms
[2025-06-29T23:15:34.777+0800][1.694s][info][gc,cpu      ] GC(4) User=0.04s Sys=0.00s Real=0.01s
[2025-06-29T23:15:34.803+0800][1.721s][info][gc,start    ] GC(5) Pause Young (Concurrent Start) (Metadata GC Threshold)
[2025-06-29T23:15:34.803+0800][1.721s][info][gc,task     ] GC(5) Using 8 workers of 8 for evacuation
[2025-06-29T23:15:34.808+0800][1.725s][info][gc,phases   ] GC(5)   Pre Evacuate Collection Set: 0.2ms
[2025-06-29T23:15:34.808+0800][1.725s][info][gc,phases   ] GC(5)   Merge Heap Roots: 0.0ms
[2025-06-29T23:15:34.808+0800][1.725s][info][gc,phases   ] GC(5)   Evacuate Collection Set: 3.6ms
[2025-06-29T23:15:34.808+0800][1.725s][info][gc,phases   ] GC(5)   Post Evacuate Collection Set: 0.4ms
[2025-06-29T23:15:34.808+0800][1.725s][info][gc,phases   ] GC(5)   Other: 0.0ms
[2025-06-29T23:15:34.808+0800][1.725s][info][gc,heap     ] GC(5) Eden regions: 7->0(204)
[2025-06-29T23:15:34.808+0800][1.725s][info][gc,heap     ] GC(5) Survivor regions: 13->10(22)
[2025-06-29T23:15:34.808+0800][1.725s][info][gc,heap     ] GC(5) Old regions: 6->10
[2025-06-29T23:15:34.808+0800][1.725s][info][gc,heap     ] GC(5) Humongous regions: 0->0
[2025-06-29T23:15:34.808+0800][1.725s][info][gc,metaspace] GC(5) Metaspace: 35944K(36480K)->35944K(36480K) NonClass: 31427K(31680K)->31427K(31680K) Class: 4517K(4800K)->4517K(4800K)
[2025-06-29T23:15:34.808+0800][1.725s][info][gc          ] GC(5) Pause Young (Concurrent Start) (Metadata GC Threshold) 25M->19M(2048M) 4.438ms
[2025-06-29T23:15:34.808+0800][1.725s][info][gc,cpu      ] GC(5) User=0.03s Sys=0.00s Real=0.00s
[2025-06-29T23:15:34.808+0800][1.725s][info][gc          ] GC(6) Concurrent Mark Cycle
[2025-06-29T23:15:34.808+0800][1.725s][info][gc,marking  ] GC(6) Concurrent Scan Root Regions
[2025-06-29T23:15:34.811+0800][1.728s][info][gc,marking  ] GC(6) Concurrent Scan Root Regions 3.147ms
[2025-06-29T23:15:34.811+0800][1.729s][info][gc,marking  ] GC(6) Concurrent Mark
[2025-06-29T23:15:34.811+0800][1.729s][info][gc,marking  ] GC(6) Concurrent Mark From Roots
[2025-06-29T23:15:34.811+0800][1.729s][info][gc,task     ] GC(6) Using 2 workers of 2 for marking
[2025-06-29T23:15:34.814+0800][1.732s][info][gc,marking  ] GC(6) Concurrent Mark From Roots 3.207ms
[2025-06-29T23:15:34.814+0800][1.732s][info][gc,marking  ] GC(6) Concurrent Preclean
[2025-06-29T23:15:34.814+0800][1.732s][info][gc,marking  ] GC(6) Concurrent Preclean 0.048ms
[2025-06-29T23:15:34.814+0800][1.732s][info][gc,start    ] GC(6) Pause Remark
[2025-06-29T23:15:34.817+0800][1.734s][info][gc          ] GC(6) Pause Remark 21M->21M(2048M) 2.580ms
[2025-06-29T23:15:34.817+0800][1.734s][info][gc,cpu      ] GC(6) User=0.01s Sys=0.01s Real=0.00s
[2025-06-29T23:15:34.817+0800][1.735s][info][gc,marking  ] GC(6) Concurrent Mark 6.040ms
[2025-06-29T23:15:34.817+0800][1.735s][info][gc,marking  ] GC(6) Concurrent Rebuild Remembered Sets and Scrub Regions
[2025-06-29T23:15:34.819+0800][1.736s][info][gc,marking  ] GC(6) Concurrent Rebuild Remembered Sets and Scrub Regions 1.921ms
[2025-06-29T23:15:34.819+0800][1.737s][info][gc,start    ] GC(6) Pause Cleanup
[2025-06-29T23:15:34.819+0800][1.737s][info][gc          ] GC(6) Pause Cleanup 22M->22M(2048M) 0.138ms
[2025-06-29T23:15:34.819+0800][1.737s][info][gc,cpu      ] GC(6) User=0.00s Sys=0.00s Real=0.00s
[2025-06-29T23:15:34.819+0800][1.737s][info][gc,marking  ] GC(6) Concurrent Clear Claimed Marks
[2025-06-29T23:15:34.819+0800][1.737s][info][gc,marking  ] GC(6) Concurrent Clear Claimed Marks 0.047ms
[2025-06-29T23:15:34.819+0800][1.737s][info][gc,marking  ] GC(6) Concurrent Cleanup for Next Mark
[2025-06-29T23:15:34.821+0800][1.739s][info][gc,marking  ] GC(6) Concurrent Cleanup for Next Mark 1.942ms
[2025-06-29T23:15:34.821+0800][1.739s][info][gc          ] GC(6) Concurrent Mark Cycle 13.472ms
[2025-06-29T23:15:35.460+0800][2.378s][info][gc,start    ] GC(7) Pause Young (Normal) (G1 Evacuation Pause)
[2025-06-29T23:15:35.460+0800][2.378s][info][gc,task     ] GC(7) Using 8 workers of 8 for evacuation
[2025-06-29T23:15:35.468+0800][2.385s][info][gc,phases   ] GC(7)   Pre Evacuate Collection Set: 0.2ms
[2025-06-29T23:15:35.468+0800][2.385s][info][gc,phases   ] GC(7)   Merge Heap Roots: 0.1ms
[2025-06-29T23:15:35.468+0800][2.385s][info][gc,phases   ] GC(7)   Evacuate Collection Set: 6.3ms
[2025-06-29T23:15:35.468+0800][2.385s][info][gc,phases   ] GC(7)   Post Evacuate Collection Set: 0.8ms
[2025-06-29T23:15:35.468+0800][2.385s][info][gc,phases   ] GC(7)   Other: 0.0ms
[2025-06-29T23:15:35.468+0800][2.385s][info][gc,heap     ] GC(7) Eden regions: 195->0(513)
[2025-06-29T23:15:35.468+0800][2.385s][info][gc,heap     ] GC(7) Survivor regions: 10->19(26)
[2025-06-29T23:15:35.468+0800][2.385s][info][gc,heap     ] GC(7) Old regions: 10->10
[2025-06-29T23:15:35.468+0800][2.385s][info][gc,heap     ] GC(7) Humongous regions: 0->0
[2025-06-29T23:15:35.468+0800][2.385s][info][gc,metaspace] GC(7) Metaspace: 41758K(42432K)->41758K(42432K) NonClass: 36455K(36800K)->36455K(36800K) Class: 5302K(5632K)->5302K(5632K)
[2025-06-29T23:15:35.468+0800][2.385s][info][gc          ] GC(7) Pause Young (Normal) (G1 Evacuation Pause) 214M->27M(2048M) 7.595ms
[2025-06-29T23:15:35.468+0800][2.385s][info][gc,cpu      ] GC(7) User=0.05s Sys=0.01s Real=0.00s
[2025-06-29T23:15:52.624+0800][19.541s][info][gc,heap,exit] Heap
[2025-06-29T23:15:52.624+0800][19.541s][info][gc,heap,exit]  garbage-first heap   total 2097152K, used 106634K [0x0000000780000000, 0x0000000800000000)
[2025-06-29T23:15:52.624+0800][19.541s][info][gc,heap,exit]   region size 1024K, 96 young (98304K), 19 survivors (19456K)
[2025-06-29T23:15:52.624+0800][19.541s][info][gc,heap,exit]  Metaspace       used 49362K, committed 50240K, reserved 1114112K
[2025-06-29T23:15:52.624+0800][19.541s][info][gc,heap,exit]   class space    used 6204K, committed 6592K, reserved 1048576K
