[2025-06-29T23:13:14.769+0800][0.005s][info][gc,init] CardTable entry size: 512
[2025-06-29T23:13:14.769+0800][0.005s][info][gc     ] Using G1
[2025-06-29T23:13:14.772+0800][0.008s][info][gc,init] Version: 21.0.7+8-LTS-245 (release)
[2025-06-29T23:13:14.772+0800][0.008s][info][gc,init] CPUs: 8 total, 8 available
[2025-06-29T23:13:14.772+0800][0.008s][info][gc,init] Memory: 16384M
[2025-06-29T23:13:14.772+0800][0.008s][info][gc,init] Large Page Support: Disabled
[2025-06-29T23:13:14.772+0800][0.008s][info][gc,init] NUMA Support: Disabled
[2025-06-29T23:13:14.772+0800][0.008s][info][gc,init] Compressed Oops: Enabled (Zero based)
[2025-06-29T23:13:14.772+0800][0.008s][info][gc,init] Heap Region Size: 1M
[2025-06-29T23:13:14.772+0800][0.008s][info][gc,init] Heap Min Capacity: 2G
[2025-06-29T23:13:14.772+0800][0.008s][info][gc,init] Heap Initial Capacity: 2G
[2025-06-29T23:13:14.772+0800][0.008s][info][gc,init] Heap Max Capacity: 2G
[2025-06-29T23:13:14.772+0800][0.008s][info][gc,init] Pre-touch: Disabled
[2025-06-29T23:13:14.772+0800][0.008s][info][gc,init] Parallel Workers: 8
[2025-06-29T23:13:14.772+0800][0.008s][info][gc,init] Concurrent Workers: 2
[2025-06-29T23:13:14.772+0800][0.008s][info][gc,init] Concurrent Refinement Workers: 8
[2025-06-29T23:13:14.772+0800][0.008s][info][gc,init] Periodic GC: Disabled
[2025-06-29T23:13:14.776+0800][0.012s][info][gc,metaspace] CDS archive(s) mapped at: [0x0000007000000000-0x0000007000ca8000-0x0000007000ca8000), size 13271040, SharedBaseAddress: 0x0000007000000000, ArchiveRelocationMode: 1.
[2025-06-29T23:13:14.776+0800][0.012s][info][gc,metaspace] Compressed class space mapped at: 0x0000007001000000-0x0000007041000000, reserved size: 1073741824
[2025-06-29T23:13:14.776+0800][0.012s][info][gc,metaspace] Narrow klass base: 0x0000007000000000, Narrow klass shift: 0, Narrow klass range: 0x100000000
[2025-06-29T23:13:15.322+0800][0.558s][info][gc,start    ] GC(0) Pause Young (Normal) (G1 Evacuation Pause)
[2025-06-29T23:13:15.323+0800][0.559s][info][gc,task     ] GC(0) Using 8 workers of 8 for evacuation
[2025-06-29T23:13:15.326+0800][0.562s][info][gc,phases   ] GC(0)   Pre Evacuate Collection Set: 0.2ms
[2025-06-29T23:13:15.326+0800][0.562s][info][gc,phases   ] GC(0)   Merge Heap Roots: 0.1ms
[2025-06-29T23:13:15.326+0800][0.562s][info][gc,phases   ] GC(0)   Evacuate Collection Set: 2.4ms
[2025-06-29T23:13:15.326+0800][0.562s][info][gc,phases   ] GC(0)   Post Evacuate Collection Set: 0.3ms
[2025-06-29T23:13:15.326+0800][0.562s][info][gc,phases   ] GC(0)   Other: 0.2ms
[2025-06-29T23:13:15.326+0800][0.562s][info][gc,heap     ] GC(0) Eden regions: 102->0(112)
[2025-06-29T23:13:15.326+0800][0.562s][info][gc,heap     ] GC(0) Survivor regions: 0->6(13)
[2025-06-29T23:13:15.326+0800][0.562s][info][gc,heap     ] GC(0) Old regions: 2->2
[2025-06-29T23:13:15.326+0800][0.562s][info][gc,heap     ] GC(0) Humongous regions: 0->0
[2025-06-29T23:13:15.326+0800][0.562s][info][gc,metaspace] GC(0) Metaspace: 15556K(15872K)->15556K(15872K) NonClass: 13534K(13696K)->13534K(13696K) Class: 2021K(2176K)->2021K(2176K)
[2025-06-29T23:13:15.326+0800][0.562s][info][gc          ] GC(0) Pause Young (Normal) (G1 Evacuation Pause) 103M->6M(2048M) 3.331ms
[2025-06-29T23:13:15.326+0800][0.562s][info][gc,cpu      ] GC(0) User=0.01s Sys=0.00s Real=0.00s
[2025-06-29T23:13:15.493+0800][0.729s][info][gc,start    ] GC(1) Pause Young (Concurrent Start) (Metadata GC Threshold)
[2025-06-29T23:13:15.494+0800][0.729s][info][gc,task     ] GC(1) Using 8 workers of 8 for evacuation
[2025-06-29T23:13:15.497+0800][0.733s][info][gc,phases   ] GC(1)   Pre Evacuate Collection Set: 0.3ms
[2025-06-29T23:13:15.497+0800][0.733s][info][gc,phases   ] GC(1)   Merge Heap Roots: 0.0ms
[2025-06-29T23:13:15.497+0800][0.733s][info][gc,phases   ] GC(1)   Evacuate Collection Set: 2.9ms
[2025-06-29T23:13:15.497+0800][0.733s][info][gc,phases   ] GC(1)   Post Evacuate Collection Set: 0.4ms
[2025-06-29T23:13:15.497+0800][0.733s][info][gc,phases   ] GC(1)   Other: 0.0ms
[2025-06-29T23:13:15.497+0800][0.733s][info][gc,heap     ] GC(1) Eden regions: 60->0(154)
[2025-06-29T23:13:15.497+0800][0.733s][info][gc,heap     ] GC(1) Survivor regions: 6->10(15)
[2025-06-29T23:13:15.497+0800][0.733s][info][gc,heap     ] GC(1) Old regions: 2->2
[2025-06-29T23:13:15.497+0800][0.733s][info][gc,heap     ] GC(1) Humongous regions: 0->0
[2025-06-29T23:13:15.497+0800][0.733s][info][gc,metaspace] GC(1) Metaspace: 21195K(21504K)->21195K(21504K) NonClass: 18513K(18688K)->18513K(18688K) Class: 2682K(2816K)->2682K(2816K)
[2025-06-29T23:13:15.497+0800][0.733s][info][gc          ] GC(1) Pause Young (Concurrent Start) (Metadata GC Threshold) 66M->10M(2048M) 3.855ms
[2025-06-29T23:13:15.497+0800][0.733s][info][gc          ] GC(2) Concurrent Mark Cycle
[2025-06-29T23:13:15.497+0800][0.733s][info][gc,cpu      ] GC(1) User=0.02s Sys=0.00s Real=0.00s
[2025-06-29T23:13:15.497+0800][0.733s][info][gc,marking  ] GC(2) Concurrent Scan Root Regions
[2025-06-29T23:13:15.500+0800][0.736s][info][gc,marking  ] GC(2) Concurrent Scan Root Regions 2.624ms
[2025-06-29T23:13:15.500+0800][0.736s][info][gc,marking  ] GC(2) Concurrent Mark
[2025-06-29T23:13:15.500+0800][0.736s][info][gc,marking  ] GC(2) Concurrent Mark From Roots
[2025-06-29T23:13:15.500+0800][0.736s][info][gc,task     ] GC(2) Using 2 workers of 2 for marking
[2025-06-29T23:13:15.502+0800][0.738s][info][gc,marking  ] GC(2) Concurrent Mark From Roots 1.611ms
[2025-06-29T23:13:15.502+0800][0.738s][info][gc,marking  ] GC(2) Concurrent Preclean
[2025-06-29T23:13:15.502+0800][0.738s][info][gc,marking  ] GC(2) Concurrent Preclean 0.006ms
[2025-06-29T23:13:15.502+0800][0.738s][info][gc,start    ] GC(2) Pause Remark
[2025-06-29T23:13:15.503+0800][0.739s][info][gc          ] GC(2) Pause Remark 12M->12M(2048M) 1.131ms
[2025-06-29T23:13:15.503+0800][0.739s][info][gc,cpu      ] GC(2) User=0.01s Sys=0.00s Real=0.00s
[2025-06-29T23:13:15.503+0800][0.739s][info][gc,marking  ] GC(2) Concurrent Mark 2.974ms
[2025-06-29T23:13:15.503+0800][0.739s][info][gc,marking  ] GC(2) Concurrent Rebuild Remembered Sets and Scrub Regions
[2025-06-29T23:13:15.504+0800][0.740s][info][gc,marking  ] GC(2) Concurrent Rebuild Remembered Sets and Scrub Regions 0.566ms
[2025-06-29T23:13:15.504+0800][0.740s][info][gc,start    ] GC(2) Pause Cleanup
[2025-06-29T23:13:15.504+0800][0.740s][info][gc          ] GC(2) Pause Cleanup 12M->12M(2048M) 0.128ms
[2025-06-29T23:13:15.504+0800][0.740s][info][gc,cpu      ] GC(2) User=0.01s Sys=0.00s Real=0.00s
[2025-06-29T23:13:15.504+0800][0.740s][info][gc,marking  ] GC(2) Concurrent Clear Claimed Marks
[2025-06-29T23:13:15.504+0800][0.740s][info][gc,marking  ] GC(2) Concurrent Clear Claimed Marks 0.038ms
[2025-06-29T23:13:15.504+0800][0.740s][info][gc,marking  ] GC(2) Concurrent Cleanup for Next Mark
[2025-06-29T23:13:15.507+0800][0.743s][info][gc,marking  ] GC(2) Concurrent Cleanup for Next Mark 2.483ms
[2025-06-29T23:13:15.507+0800][0.743s][info][gc          ] GC(2) Concurrent Mark Cycle 9.428ms
[2025-06-29T23:13:16.379+0800][1.614s][info][gc,start    ] GC(3) Pause Young (Prepare Mixed) (G1 Evacuation Pause)
[2025-06-29T23:13:16.379+0800][1.614s][info][gc,task     ] GC(3) Using 8 workers of 8 for evacuation
[2025-06-29T23:13:16.387+0800][1.623s][info][gc,phases   ] GC(3)   Pre Evacuate Collection Set: 0.3ms
[2025-06-29T23:13:16.387+0800][1.623s][info][gc,phases   ] GC(3)   Merge Heap Roots: 0.1ms
[2025-06-29T23:13:16.387+0800][1.623s][info][gc,phases   ] GC(3)   Evacuate Collection Set: 6.6ms
[2025-06-29T23:13:16.387+0800][1.623s][info][gc,phases   ] GC(3)   Post Evacuate Collection Set: 1.3ms
[2025-06-29T23:13:16.387+0800][1.623s][info][gc,phases   ] GC(3)   Other: 0.0ms
[2025-06-29T23:13:16.387+0800][1.623s][info][gc,heap     ] GC(3) Eden regions: 154->0(169)
[2025-06-29T23:13:16.387+0800][1.623s][info][gc,heap     ] GC(3) Survivor regions: 10->17(21)
[2025-06-29T23:13:16.387+0800][1.623s][info][gc,heap     ] GC(3) Old regions: 2->2
[2025-06-29T23:13:16.387+0800][1.623s][info][gc,heap     ] GC(3) Humongous regions: 0->0
[2025-06-29T23:13:16.387+0800][1.623s][info][gc,metaspace] GC(3) Metaspace: 34554K(35072K)->34554K(35072K) NonClass: 30242K(30528K)->30242K(30528K) Class: 4311K(4544K)->4311K(4544K)
[2025-06-29T23:13:16.387+0800][1.623s][info][gc          ] GC(3) Pause Young (Prepare Mixed) (G1 Evacuation Pause) 164M->17M(2048M) 8.488ms
[2025-06-29T23:13:16.387+0800][1.623s][info][gc,cpu      ] GC(3) User=0.05s Sys=0.00s Real=0.01s
[2025-06-29T23:13:16.503+0800][1.739s][info][gc,start    ] GC(4) Pause Young (Mixed) (Metadata GC Threshold)
[2025-06-29T23:13:16.503+0800][1.739s][info][gc,task     ] GC(4) Using 8 workers of 8 for evacuation
[2025-06-29T23:13:16.511+0800][1.747s][info][gc,phases   ] GC(4)   Pre Evacuate Collection Set: 0.2ms
[2025-06-29T23:13:16.511+0800][1.747s][info][gc,phases   ] GC(4)   Merge Heap Roots: 0.0ms
[2025-06-29T23:13:16.511+0800][1.747s][info][gc,phases   ] GC(4)   Evacuate Collection Set: 6.6ms
[2025-06-29T23:13:16.511+0800][1.747s][info][gc,phases   ] GC(4)   Post Evacuate Collection Set: 1.0ms
[2025-06-29T23:13:16.511+0800][1.747s][info][gc,phases   ] GC(4)   Other: 0.0ms
[2025-06-29T23:13:16.511+0800][1.747s][info][gc,heap     ] GC(4) Eden regions: 32->0(165)
[2025-06-29T23:13:16.511+0800][1.747s][info][gc,heap     ] GC(4) Survivor regions: 17->13(24)
[2025-06-29T23:13:16.511+0800][1.747s][info][gc,heap     ] GC(4) Old regions: 2->6
[2025-06-29T23:13:16.511+0800][1.747s][info][gc,heap     ] GC(4) Humongous regions: 0->0
[2025-06-29T23:13:16.511+0800][1.747s][info][gc,metaspace] GC(4) Metaspace: 35556K(36096K)->35556K(36096K) NonClass: 31091K(31360K)->31091K(31360K) Class: 4465K(4736K)->4465K(4736K)
[2025-06-29T23:13:16.511+0800][1.747s][info][gc          ] GC(4) Pause Young (Mixed) (Metadata GC Threshold) 49M->18M(2048M) 8.012ms
[2025-06-29T23:13:16.511+0800][1.747s][info][gc,cpu      ] GC(4) User=0.05s Sys=0.00s Real=0.01s
[2025-06-29T23:13:16.538+0800][1.774s][info][gc,start    ] GC(5) Pause Young (Concurrent Start) (Metadata GC Threshold)
[2025-06-29T23:13:16.538+0800][1.774s][info][gc,task     ] GC(5) Using 8 workers of 8 for evacuation
[2025-06-29T23:13:16.543+0800][1.779s][info][gc,phases   ] GC(5)   Pre Evacuate Collection Set: 0.4ms
[2025-06-29T23:13:16.543+0800][1.779s][info][gc,phases   ] GC(5)   Merge Heap Roots: 0.0ms
[2025-06-29T23:13:16.543+0800][1.779s][info][gc,phases   ] GC(5)   Evacuate Collection Set: 3.4ms
[2025-06-29T23:13:16.543+0800][1.779s][info][gc,phases   ] GC(5)   Post Evacuate Collection Set: 0.4ms
[2025-06-29T23:13:16.543+0800][1.779s][info][gc,phases   ] GC(5)   Other: 0.1ms
[2025-06-29T23:13:16.543+0800][1.779s][info][gc,heap     ] GC(5) Eden regions: 7->0(190)
[2025-06-29T23:13:16.543+0800][1.779s][info][gc,heap     ] GC(5) Survivor regions: 13->13(23)
[2025-06-29T23:13:16.543+0800][1.779s][info][gc,heap     ] GC(5) Old regions: 6->6
[2025-06-29T23:13:16.543+0800][1.779s][info][gc,heap     ] GC(5) Humongous regions: 0->0
[2025-06-29T23:13:16.543+0800][1.779s][info][gc,metaspace] GC(5) Metaspace: 35931K(36416K)->35931K(36416K) NonClass: 31421K(31680K)->31421K(31680K) Class: 4510K(4736K)->4510K(4736K)
[2025-06-29T23:13:16.543+0800][1.779s][info][gc          ] GC(5) Pause Young (Concurrent Start) (Metadata GC Threshold) 25M->18M(2048M) 4.421ms
[2025-06-29T23:13:16.543+0800][1.779s][info][gc,cpu      ] GC(5) User=0.03s Sys=0.00s Real=0.01s
[2025-06-29T23:13:16.543+0800][1.779s][info][gc          ] GC(6) Concurrent Mark Cycle
[2025-06-29T23:13:16.543+0800][1.779s][info][gc,marking  ] GC(6) Concurrent Scan Root Regions
[2025-06-29T23:13:16.546+0800][1.782s][info][gc,marking  ] GC(6) Concurrent Scan Root Regions 3.101ms
[2025-06-29T23:13:16.546+0800][1.782s][info][gc,marking  ] GC(6) Concurrent Mark
[2025-06-29T23:13:16.546+0800][1.782s][info][gc,marking  ] GC(6) Concurrent Mark From Roots
[2025-06-29T23:13:16.546+0800][1.782s][info][gc,task     ] GC(6) Using 2 workers of 2 for marking
[2025-06-29T23:13:16.549+0800][1.785s][info][gc,marking  ] GC(6) Concurrent Mark From Roots 3.366ms
[2025-06-29T23:13:16.549+0800][1.785s][info][gc,marking  ] GC(6) Concurrent Preclean
[2025-06-29T23:13:16.549+0800][1.785s][info][gc,marking  ] GC(6) Concurrent Preclean 0.021ms
[2025-06-29T23:13:16.550+0800][1.785s][info][gc,start    ] GC(6) Pause Remark
[2025-06-29T23:13:16.552+0800][1.788s][info][gc          ] GC(6) Pause Remark 20M->20M(2048M) 2.507ms
[2025-06-29T23:13:16.552+0800][1.788s][info][gc,cpu      ] GC(6) User=0.01s Sys=0.01s Real=0.00s
[2025-06-29T23:13:16.552+0800][1.788s][info][gc,marking  ] GC(6) Concurrent Mark 6.067ms
[2025-06-29T23:13:16.552+0800][1.788s][info][gc,marking  ] GC(6) Concurrent Rebuild Remembered Sets and Scrub Regions
[2025-06-29T23:13:16.554+0800][1.790s][info][gc,marking  ] GC(6) Concurrent Rebuild Remembered Sets and Scrub Regions 2.046ms
[2025-06-29T23:13:16.554+0800][1.790s][info][gc,start    ] GC(6) Pause Cleanup
[2025-06-29T23:13:16.555+0800][1.790s][info][gc          ] GC(6) Pause Cleanup 20M->20M(2048M) 0.259ms
[2025-06-29T23:13:16.555+0800][1.790s][info][gc,cpu      ] GC(6) User=0.01s Sys=0.00s Real=0.00s
[2025-06-29T23:13:16.555+0800][1.790s][info][gc,marking  ] GC(6) Concurrent Clear Claimed Marks
[2025-06-29T23:13:16.555+0800][1.791s][info][gc,marking  ] GC(6) Concurrent Clear Claimed Marks 0.053ms
[2025-06-29T23:13:16.555+0800][1.791s][info][gc,marking  ] GC(6) Concurrent Cleanup for Next Mark
[2025-06-29T23:13:16.556+0800][1.792s][info][gc,marking  ] GC(6) Concurrent Cleanup for Next Mark 1.638ms
[2025-06-29T23:13:16.556+0800][1.792s][info][gc          ] GC(6) Concurrent Mark Cycle 13.449ms
[2025-06-29T23:13:17.104+0800][2.339s][info][gc,start    ] GC(7) Pause Young (Normal) (G1 Evacuation Pause)
[2025-06-29T23:13:17.104+0800][2.340s][info][gc,task     ] GC(7) Using 8 workers of 8 for evacuation
[2025-06-29T23:13:17.114+0800][2.350s][info][gc,phases   ] GC(7)   Pre Evacuate Collection Set: 0.4ms
[2025-06-29T23:13:17.115+0800][2.350s][info][gc,phases   ] GC(7)   Merge Heap Roots: 0.1ms
[2025-06-29T23:13:17.115+0800][2.350s][info][gc,phases   ] GC(7)   Evacuate Collection Set: 9.3ms
[2025-06-29T23:13:17.115+0800][2.350s][info][gc,phases   ] GC(7)   Post Evacuate Collection Set: 1.1ms
[2025-06-29T23:13:17.115+0800][2.350s][info][gc,phases   ] GC(7)   Other: 0.0ms
[2025-06-29T23:13:17.115+0800][2.350s][info][gc,heap     ] GC(7) Eden regions: 186->0(270)
[2025-06-29T23:13:17.115+0800][2.350s][info][gc,heap     ] GC(7) Survivor regions: 13->21(25)
[2025-06-29T23:13:17.115+0800][2.350s][info][gc,heap     ] GC(7) Old regions: 6->6
[2025-06-29T23:13:17.115+0800][2.350s][info][gc,heap     ] GC(7) Humongous regions: 0->0
[2025-06-29T23:13:17.115+0800][2.350s][info][gc,metaspace] GC(7) Metaspace: 41111K(41792K)->41111K(41792K) NonClass: 35914K(36288K)->35914K(36288K) Class: 5196K(5504K)->5196K(5504K)
[2025-06-29T23:13:17.115+0800][2.350s][info][gc          ] GC(7) Pause Young (Normal) (G1 Evacuation Pause) 204M->26M(2048M) 10.952ms
[2025-06-29T23:13:17.115+0800][2.350s][info][gc,cpu      ] GC(7) User=0.06s Sys=0.01s Real=0.01s
[2025-06-29T23:15:28.065+0800][133.299s][info][gc,heap,exit] Heap
[2025-06-29T23:15:28.065+0800][133.299s][info][gc,heap,exit]  garbage-first heap   total 2097152K, used 116124K [0x0000000780000000, 0x0000000800000000)
[2025-06-29T23:15:28.065+0800][133.299s][info][gc,heap,exit]   region size 1024K, 108 young (110592K), 21 survivors (21504K)
[2025-06-29T23:15:28.065+0800][133.299s][info][gc,heap,exit]  Metaspace       used 49198K, committed 49984K, reserved 1114112K
[2025-06-29T23:15:28.065+0800][133.299s][info][gc,heap,exit]   class space    used 6170K, committed 6528K, reserved 1048576K
